BL51 BANKED LINKER/LOCATER V6.22                                                        05/14/2022  17:11:49  PAGE 1


BL51 BANKED LINKER/LOCATER V6.22, INVOKED BY:
D:\KEIL 5\C51\BIN\BL51.EXE .\Objects\STARTUP.obj, .\Objects\test.obj TO .\Objects\test PRINT (.\Listings\test.m51)


MEMORY MODEL: SMALL


INPUT MODULES INCLUDED:
  .\Objects\STARTUP.obj (?C_STARTUP)
  .\Objects\test.obj (TEST)
  D:\KEIL 5\C51\LIB\C51S.LIB (?C_INIT)
  D:\KEIL 5\C51\LIB\C51S.LIB (?C?CLDOPTR)


LINK MAP OF MODULE:  .\Objects\test (?C_STARTUP)


            TYPE    BASE      LENGTH    RELOCATION   SEGMENT NAME
            -----------------------------------------------------

            * * * * * * *   D A T A   M E M O R Y   * * * * * * *
            REG     0000H     0008H     ABSOLUTE     "REG BANK 0"
            DATA    0008H     0008H     UNIT         ?DT?TEST
            DATA    0010H     0003H     UNIT         ?DT?_UART_SENDSTRING?TEST
            DATA    0013H     0003H     UNIT         _DATA_GROUP_
            IDATA   0016H     0001H     UNIT         ?STACK

            * * * * * * *   C O D E   M E M O R Y   * * * * * * *
            CODE    0000H     0003H     ABSOLUTE     
                    0003H     0020H                  *** GAP ***
            CODE    0023H     0003H     ABSOLUTE     
                    0026H     07DAH                  *** GAP ***
            CODE    0800H     008CH     UNIT         ?C_C51STARTUP
            CODE    088CH     0031H     UNIT         ?PR?DISP?TEST
            CODE    08BDH     002FH     UNIT         ?PR?UART_RECEIVE?TEST
            CODE    08ECH     002DH     UNIT         ?C?LIB_CODE
            CODE    0919H     0023H     UNIT         ?PR?_UART_SENDSTRING?TEST
            CODE    093CH     0021H     UNIT         ?PR?MAIN?TEST
            CODE    095DH     000FH     UNIT         ?C_INITSEG
            CODE    096CH     000AH     UNIT         ?CO?TEST



OVERLAY MAP OF MODULE:   .\Objects\test (?C_STARTUP)


SEGMENT                             DATA_GROUP 
  +--> CALLED SEGMENT             START    LENGTH
-------------------------------------------------
?C_C51STARTUP                     -----    -----
  +--> ?PR?MAIN?TEST
  +--> ?C_INITSEG

?PR?MAIN?TEST                     0013H    0003H
  +--> ?PR?DISP?TEST

?PR?DISP?TEST                     -----    -----
  +--> ?CO?TEST
BL51 BANKED LINKER/LOCATER V6.22                                                      05/14/2022  17:11:49  PAGE 2





SYMBOL TABLE OF MODULE:  .\Objects\test (?C_STARTUP)

  VALUE           TYPE          NAME
  ----------------------------------

  -------         MODULE        ?C_STARTUP
  C:0800H         SEGMENT       ?C_C51STARTUP
  I:0016H         SEGMENT       ?STACK
  C:0000H         PUBLIC        ?C_STARTUP
  D:00E0H         SYMBOL        ACC
  D:00F0H         SYMBOL        B
  D:0083H         SYMBOL        DPH
  D:0082H         SYMBOL        DPL
  N:0000H         SYMBOL        IBPSTACK
  N:0100H         SYMBOL        IBPSTACKTOP
  N:0080H         SYMBOL        IDATALEN
  C:0803H         SYMBOL        IDATALOOP
  N:0000H         SYMBOL        PBPSTACK
  N:0100H         SYMBOL        PBPSTACKTOP
  N:0000H         SYMBOL        PDATALEN
  N:0000H         SYMBOL        PDATASTART
  N:0000H         SYMBOL        PPAGE
  N:0000H         SYMBOL        PPAGEENABLE
  D:00A0H         SYMBOL        PPAGE_SFR
  D:0081H         SYMBOL        SP
  C:0800H         SYMBOL        STARTUP1
  N:0000H         SYMBOL        XBPSTACK
  N:0000H         SYMBOL        XBPSTACKTOP
  N:0000H         SYMBOL        XDATALEN
  N:0000H         SYMBOL        XDATASTART
  C:0000H         LINE#         126
  C:0800H         LINE#         133
  C:0802H         LINE#         134
  C:0803H         LINE#         135
  C:0804H         LINE#         136
  C:0806H         LINE#         185
  C:0809H         LINE#         196
  -------         ENDMOD        ?C_STARTUP

  -------         MODULE        TEST
  C:0000H         SYMBOL        _ICE_DUMMY_
  D:0090H         PUBLIC        P1
  D:00A0H         PUBLIC        P2
  B:00A8H.7       PUBLIC        EA
  C:08BDH         PUBLIC        uart_receive
  C:0919H         PUBLIC        _Uart_SendString
  B:00A8H.4       PUBLIC        ES
  D:0008H         PUBLIC        index
  B:0098H.0       PUBLIC        RI
  D:0009H         PUBLIC        flag
  B:0098H.1       PUBLIC        TI
  C:093CH         PUBLIC        main
  D:0099H         PUBLIC        SBUF
  C:088CH         PUBLIC        disp
BL51 BANKED LINKER/LOCATER V6.22                                                      05/14/2022  17:11:49  PAGE 3


  D:0098H         PUBLIC        SCON
  D:0089H         PUBLIC        TMOD
  C:096CH         PUBLIC        tab
  D:008DH         PUBLIC        TH1
  D:008BH         PUBLIC        TL1
  B:0088H.6       PUBLIC        TR1
  B:0098H.4       PUBLIC        REN
  D:000AH         PUBLIC        buffer
  -------         PROC          _UART_SENDSTRING
  D:0010H         SYMBOL        Buffer
  -------         DO            
  D:0007H         SYMBOL        j
  -------         ENDDO         
  C:0919H         LINE#         8
  C:091FH         LINE#         9
  C:091FH         LINE#         10
  C:0921H         LINE#         11
  C:0931H         LINE#         12
  C:0931H         LINE#         13
  C:0933H         LINE#         14
  C:0936H         LINE#         15
  C:0938H         LINE#         16
  C:0939H         LINE#         17
  C:093BH         LINE#         18
  -------         ENDPROC       _UART_SENDSTRING
  -------         PROC          DISP
  -------         DO            
  D:0007H         SYMBOL        w
  D:0006H         SYMBOL        i
  D:0004H         SYMBOL        j
  -------         ENDDO         
  C:088CH         LINE#         20
  C:088CH         LINE#         21
  C:088CH         LINE#         26
  C:088EH         LINE#         27
  C:0890H         LINE#         28
  C:0890H         LINE#         29
  C:0893H         LINE#         30
  C:0895H         LINE#         31
  C:089FH         LINE#         32
  C:08AAH         LINE#         34
  C:08B8H         LINE#         35
  C:08BCH         LINE#         36
  -------         ENDPROC       DISP
  -------         PROC          MAIN
  -------         DO            
  D:0013H         SYMBOL        i
  D:0014H         SYMBOL        j
  -------         ENDDO         
  C:093CH         LINE#         38
  C:093CH         LINE#         39
  C:093CH         LINE#         40
  C:093FH         LINE#         42
  C:0942H         LINE#         43
  C:0944H         LINE#         44
  C:0946H         LINE#         46
  C:0949H         LINE#         47
BL51 BANKED LINKER/LOCATER V6.22                                                      05/14/2022  17:11:49  PAGE 4


  C:094CH         LINE#         49
  C:094FH         LINE#         50
  C:0951H         LINE#         51
  C:0953H         LINE#         53
  C:0953H         LINE#         54
  C:0953H         LINE#         55
  C:0958H         LINE#         56
  C:0958H         LINE#         57
  C:095BH         LINE#         58
  C:095BH         LINE#         59
  -------         ENDPROC       MAIN
  -------         PROC          UART_RECEIVE
  -------         DO            
  D:0007H         SYMBOL        dat
  -------         ENDDO         
  C:08BDH         LINE#         62
  C:08C8H         LINE#         65
  C:08CBH         LINE#         66
  C:08CBH         LINE#         67
  C:08CDH         LINE#         68
  C:08CFH         LINE#         69
  C:08D6H         LINE#         70
  C:08DDH         LINE#         71
  C:08DDH         LINE#         72
  C:08E0H         LINE#         73
  C:08E3H         LINE#         74
  C:08E3H         LINE#         75
  C:08E3H         LINE#         76
  -------         ENDPROC       UART_RECEIVE
  -------         ENDMOD        TEST

  -------         MODULE        ?C?CLDOPTR
  C:08ECH         PUBLIC        ?C?CLDOPTR
  -------         ENDMOD        ?C?CLDOPTR

*** WARNING L16: UNCALLED SEGMENT, IGNORED FOR OVERLAY PROCESS
    SEGMENT: ?PR?_UART_SENDSTRING?TEST

******************************************************************************
* RESTRICTED VERSION WITH 0800H BYTE CODE SIZE LIMIT; USED: 00CEH BYTE (10%) *
******************************************************************************

Program Size: data=23.0 xdata=0 code=380
LINK/LOCATE RUN COMPLETE.  1 WARNING(S),  0 ERROR(S)
