BL51 BANKED LINKER/LOCATER V6.22                                                        04/28/2022  21:02:11  PAGE 1


BL51 BANKED LINKER/LOCATER V6.22, INVOKED BY:
D:\KEIL 5\C51\BIN\BL51.EXE .\Objects\STARTUP.obj, .\Objects\test.obj TO .\Objects\test PRINT (.\Listings\test.m51)


MEMORY MODEL: SMALL


INPUT MODULES INCLUDED:
  .\Objects\STARTUP.obj (?C_STARTUP)
  .\Objects\test.obj (TEST)
  D:\KEIL 5\C51\LIB\C51S.LIB (?C_INIT)


LINK MAP OF MODULE:  .\Objects\test (?C_STARTUP)


            TYPE    BASE      LENGTH    RELOCATION   SEGMENT NAME
            -----------------------------------------------------

            * * * * * * *   D A T A   M E M O R Y   * * * * * * *
            REG     0000H     0008H     ABSOLUTE     "REG BANK 0"
            DATA    0008H     000AH     UNIT         ?DT?TEST
            IDATA   0012H     0001H     UNIT         ?STACK

            * * * * * * *   C O D E   M E M O R Y   * * * * * * *
            CODE    0000H     0003H     ABSOLUTE     
            CODE    0003H     0003H     ABSOLUTE     
                    0006H     000DH                  *** GAP ***
            CODE    0013H     0003H     ABSOLUTE     
                    0016H     07EAH                  *** GAP ***
            CODE    0800H     008CH     UNIT         ?C_C51STARTUP
            CODE    088CH     002BH     UNIT         ?PR?_DISPLAY?TEST
            CODE    08B7H     001EH     UNIT         ?PR?_DELAYLMS?TEST
            CODE    08D5H     0014H     UNIT         ?PR?MAIN?TEST
            CODE    08E9H     0013H     UNIT         ?PR?INT0?TEST
            CODE    08FCH     0013H     UNIT         ?PR?INT1?TEST
            CODE    090FH     000CH     UNIT         ?C_INITSEG



OVERLAY MAP OF MODULE:   .\Objects\test (?C_STARTUP)


SEGMENT
  +--> CALLED SEGMENT
---------------------
?C_C51STARTUP
  +--> ?PR?MAIN?TEST
  +--> ?C_INITSEG

?PR?MAIN?TEST
  +--> ?PR?_DISPLAY?TEST

?PR?_DISPLAY?TEST
  +--> ?PR?_DELAYLMS?TEST



BL51 BANKED LINKER/LOCATER V6.22                                                      04/28/2022  21:02:11  PAGE 2


SYMBOL TABLE OF MODULE:  .\Objects\test (?C_STARTUP)

  VALUE           TYPE          NAME
  ----------------------------------

  -------         MODULE        ?C_STARTUP
  C:0800H         SEGMENT       ?C_C51STARTUP
  I:0012H         SEGMENT       ?STACK
  C:0000H         PUBLIC        ?C_STARTUP
  D:00E0H         SYMBOL        ACC
  D:00F0H         SYMBOL        B
  D:0083H         SYMBOL        DPH
  D:0082H         SYMBOL        DPL
  N:0000H         SYMBOL        IBPSTACK
  N:0100H         SYMBOL        IBPSTACKTOP
  N:0080H         SYMBOL        IDATALEN
  C:0803H         SYMBOL        IDATALOOP
  N:0000H         SYMBOL        PBPSTACK
  N:0100H         SYMBOL        PBPSTACKTOP
  N:0000H         SYMBOL        PDATALEN
  N:0000H         SYMBOL        PDATASTART
  N:0000H         SYMBOL        PPAGE
  N:0000H         SYMBOL        PPAGEENABLE
  D:00A0H         SYMBOL        PPAGE_SFR
  D:0081H         SYMBOL        SP
  C:0800H         SYMBOL        STARTUP1
  N:0000H         SYMBOL        XBPSTACK
  N:0000H         SYMBOL        XBPSTACKTOP
  N:0000H         SYMBOL        XDATALEN
  N:0000H         SYMBOL        XDATASTART
  C:0000H         LINE#         126
  C:0800H         LINE#         133
  C:0802H         LINE#         134
  C:0803H         LINE#         135
  C:0804H         LINE#         136
  C:0806H         LINE#         185
  C:0809H         LINE#         196
  -------         ENDMOD        ?C_STARTUP

  -------         MODULE        TEST
  C:0000H         SYMBOL        _ICE_DUMMY_
  D:0090H         PUBLIC        P1
  D:00A0H         PUBLIC        P2
  D:00B0H         PUBLIC        P3
  B:00A8H.7       PUBLIC        EA
  D:0008H         PUBLIC        Tab
  C:08D5H         PUBLIC        main
  B:00A8H.0       PUBLIC        EX0
  B:0088H.0       PUBLIC        IT0
  B:00A8H.2       PUBLIC        EX1
  B:0088H.2       PUBLIC        IT1
  C:088CH         PUBLIC        _Display
  C:08BFH         PUBLIC        _delaylms
  D:0011H         PUBLIC        xx
  C:08E9H         PUBLIC        int0
  C:08FCH         PUBLIC        int1
  -------         PROC          INT0
BL51 BANKED LINKER/LOCATER V6.22                                                      04/28/2022  21:02:11  PAGE 3


  C:08E9H         LINE#         9
  C:08EDH         LINE#         11
  C:08EFH         LINE#         12
  C:08F4H         LINE#         13
  C:08F7H         LINE#         14
  -------         ENDPROC       INT0
  -------         PROC          INT1
  C:08FCH         LINE#         16
  C:0900H         LINE#         18
  C:0902H         LINE#         19
  C:0907H         LINE#         20
  C:090AH         LINE#         21
  -------         ENDPROC       INT1
  -------         PROC          L?0016
  -------         ENDPROC       L?0016
  -------         PROC          _DELAYLMS
  D:0006H         SYMBOL        i
  -------         DO            
  D:0005H         SYMBOL        j
  -------         ENDDO         
  C:08BFH         LINE#         24
  C:08BFH         LINE#         25
  C:08BFH         LINE#         27
  C:08C9H         LINE#         28
  C:08C9H         LINE#         29
  C:08D4H         LINE#         30
  C:08D4H         LINE#         31
  -------         ENDPROC       _DELAYLMS
  -------         PROC          _DISPLAY
  D:0004H         SYMBOL        x
  C:088CH         LINE#         33
  C:088EH         LINE#         34
  C:088EH         LINE#         35
  C:0891H         LINE#         36
  C:0898H         LINE#         37
  C:089BH         LINE#         39
  C:089EH         LINE#         40
  C:08A1H         LINE#         41
  C:08AAH         LINE#         42
  C:08ADH         LINE#         43
  C:08B0H         LINE#         44
  -------         ENDPROC       _DISPLAY
  -------         PROC          MAIN
  C:08D5H         LINE#         46
  C:08D5H         LINE#         47
  C:08D5H         LINE#         48
  C:08D7H         LINE#         49
  C:08D9H         LINE#         50
  C:08DBH         LINE#         52
  C:08DDH         LINE#         53
  C:08DFH         LINE#         55
  C:08E2H         LINE#         56
  C:08E2H         LINE#         57
  C:08E2H         LINE#         58
  C:08E7H         LINE#         59
  -------         ENDPROC       MAIN
  -------         ENDMOD        TEST
BL51 BANKED LINKER/LOCATER V6.22                                                      04/28/2022  21:02:11  PAGE 4



******************************************************************************
* RESTRICTED VERSION WITH 0800H BYTE CODE SIZE LIMIT; USED: 00A3H BYTE ( 7%) *
******************************************************************************

Program Size: data=19.0 xdata=0 code=292
LINK/LOCATE RUN COMPLETE.  0 WARNING(S),  0 ERROR(S)
