BL51 BANKED LINKER/LOCATER V6.22                                                        06/01/2022  12:56:58  PAGE 1


BL51 BANKED LINKER/LOCATER V6.22, INVOKED BY:
D:\KEIL 5\C51\BIN\BL51.EXE .\Objects\STARTUP.obj, .\Objects\test.obj TO .\Objects\test PRINT (.\Listings\test.m51)


MEMORY MODEL: SMALL


INPUT MODULES INCLUDED:
  .\Objects\STARTUP.obj (?C_STARTUP)
  .\Objects\test.obj (TEST)
  D:\KEIL 5\C51\LIB\C51S.LIB (?C_INIT)


LINK MAP OF MODULE:  .\Objects\test (?C_STARTUP)


            TYPE    BASE      LENGTH    RELOCATION   SEGMENT NAME
            -----------------------------------------------------

            * * * * * * *   D A T A   M E M O R Y   * * * * * * *
            REG     0000H     0008H     ABSOLUTE     "REG BANK 0"
            DATA    0008H     0008H     UNIT         ?DT?TEST
            DATA    0010H     0001H     UNIT         _DATA_GROUP_
            IDATA   0011H     0001H     UNIT         ?STACK

            * * * * * * *   C O D E   M E M O R Y   * * * * * * *
            CODE    0000H     0003H     ABSOLUTE     
                    0003H     07FDH                  *** GAP ***
            CODE    0800H     008CH     UNIT         ?C_C51STARTUP
            CODE    088CH     0047H     UNIT         ?PR?MAIN?TEST
            CODE    08D3H     001EH     UNIT         ?PR?_DELAYLMS?TEST
            CODE    08F1H     000BH     UNIT         ?C_INITSEG



OVERLAY MAP OF MODULE:   .\Objects\test (?C_STARTUP)


SEGMENT                          DATA_GROUP 
  +--> CALLED SEGMENT          START    LENGTH
----------------------------------------------
?C_C51STARTUP                  -----    -----
  +--> ?PR?MAIN?TEST
  +--> ?C_INITSEG

?PR?MAIN?TEST                  0010H    0001H
  +--> ?PR?_DELAYLMS?TEST



SYMBOL TABLE OF MODULE:  .\Objects\test (?C_STARTUP)

  VALUE           TYPE          NAME
  ----------------------------------

  -------         MODULE        ?C_STARTUP
  C:0800H         SEGMENT       ?C_C51STARTUP
  I:0011H         SEGMENT       ?STACK
BL51 BANKED LINKER/LOCATER V6.22                                                      06/01/2022  12:56:58  PAGE 2


  C:0000H         PUBLIC        ?C_STARTUP
  D:00E0H         SYMBOL        ACC
  D:00F0H         SYMBOL        B
  D:0083H         SYMBOL        DPH
  D:0082H         SYMBOL        DPL
  N:0000H         SYMBOL        IBPSTACK
  N:0100H         SYMBOL        IBPSTACKTOP
  N:0080H         SYMBOL        IDATALEN
  C:0803H         SYMBOL        IDATALOOP
  N:0000H         SYMBOL        PBPSTACK
  N:0100H         SYMBOL        PBPSTACKTOP
  N:0000H         SYMBOL        PDATALEN
  N:0000H         SYMBOL        PDATASTART
  N:0000H         SYMBOL        PPAGE
  N:0000H         SYMBOL        PPAGEENABLE
  D:00A0H         SYMBOL        PPAGE_SFR
  D:0081H         SYMBOL        SP
  C:0800H         SYMBOL        STARTUP1
  N:0000H         SYMBOL        XBPSTACK
  N:0000H         SYMBOL        XBPSTACKTOP
  N:0000H         SYMBOL        XDATALEN
  N:0000H         SYMBOL        XDATASTART
  C:0000H         LINE#         126
  C:0800H         LINE#         133
  C:0802H         LINE#         134
  C:0803H         LINE#         135
  C:0804H         LINE#         136
  C:0806H         LINE#         185
  C:0809H         LINE#         196
  -------         ENDMOD        ?C_STARTUP

  -------         MODULE        TEST
  C:0000H         SYMBOL        _ICE_DUMMY_
  D:0080H         PUBLIC        P0
  D:00A0H         PUBLIC        P2
  C:088CH         PUBLIC        main
  D:0008H         PUBLIC        led
  B:0080H.0       PUBLIC        K
  C:08DBH         PUBLIC        _delaylms
  -------         PROC          L?0021
  -------         ENDPROC       L?0021
  -------         PROC          _DELAYLMS
  D:0006H         SYMBOL        i
  -------         DO            
  D:0005H         SYMBOL        j
  -------         ENDDO         
  C:08DBH         LINE#         5
  C:08DBH         LINE#         6
  C:08DBH         LINE#         8
  C:08E5H         LINE#         9
  C:08E5H         LINE#         10
  C:08F0H         LINE#         11
  C:08F0H         LINE#         12
  -------         ENDPROC       _DELAYLMS
  -------         PROC          MAIN
  -------         DO            
  D:0004H         SYMBOL        i
BL51 BANKED LINKER/LOCATER V6.22                                                      06/01/2022  12:56:58  PAGE 3


  D:0003H         SYMBOL        w
  D:0010H         SYMBOL        k
  -------         ENDDO         
  C:088CH         LINE#         14
  C:088CH         LINE#         15
  C:088CH         LINE#         17
  C:088FH         LINE#         18
  C:088FH         LINE#         19
  C:088FH         LINE#         20
  C:0892H         LINE#         21
  C:0892H         LINE#         22
  C:0899H         LINE#         23
  C:089BH         LINE#         24
  C:08A3H         LINE#         25
  C:08A3H         LINE#         26
  C:08A5H         LINE#         27
  C:08A7H         LINE#         28
  C:08A7H         LINE#         29
  C:08A7H         LINE#         30
  C:08AAH         LINE#         31
  C:08AEH         LINE#         32
  C:08B2H         LINE#         33
  C:08B2H         LINE#         34
  C:08BAH         LINE#         35
  C:08BAH         LINE#         36
  C:08BCH         LINE#         37
  C:08C4H         LINE#         38
  C:08C4H         LINE#         39
  C:08C4H         LINE#         40
  C:08C7H         LINE#         41
  C:08CBH         LINE#         42
  C:08CEH         LINE#         43
  C:08CEH         LINE#         44
  C:08CEH         LINE#         45
  C:08D1H         LINE#         46
  -------         ENDPROC       MAIN
  -------         ENDMOD        TEST

******************************************************************************
* RESTRICTED VERSION WITH 0800H BYTE CODE SIZE LIMIT; USED: 007EH BYTE ( 6%) *
******************************************************************************

Program Size: data=18.0 xdata=0 code=255
LINK/LOCATE RUN COMPLETE.  0 WARNING(S),  0 ERROR(S)
